2025-08-29 18:11:19,865 - aiconfigurator.sdk.perf_database - INFO - loading system='gb200_nvl72', backend='trtllm', version='0.20.0'
2025-08-29 18:11:19,868 - aiconfigurator.sdk.perf_database - WARNING - GEMM data file /Users/bytedance/Projects/aiconfigurator/src/aiconfigurator/systems/data/gb200_nvl72/trtllm/0.20.0/gemm_perf.txt not found.
2025-08-29 18:11:19,868 - aiconfigurator.sdk.perf_database - WARNING - Context attention data file /Users/bytedance/Projects/aiconfigurator/src/aiconfigurator/systems/data/gb200_nvl72/trtllm/0.20.0/context_attention_perf.txt not found.
2025-08-29 18:11:19,868 - aiconfigurator.sdk.perf_database - WARNING - Generation attention data file /Users/bytedance/Projects/aiconfigurator/src/aiconfigurator/systems/data/gb200_nvl72/trtllm/0.20.0/generation_attention_perf.txt not found.
2025-08-29 18:11:19,868 - aiconfigurator.sdk.perf_database - WARNING - Custom allreduce data file /Users/bytedance/Projects/aiconfigurator/src/aiconfigurator/systems/data/gb200_nvl72/trtllm/0.20.0/custom_allreduce_perf.txt not found.
2025-08-29 18:11:19,868 - aiconfigurator.sdk.perf_database - WARNING - MOE data file /Users/bytedance/Projects/aiconfigurator/src/aiconfigurator/systems/data/gb200_nvl72/trtllm/0.20.0/moe_perf.txt not found.
2025-08-29 18:11:19,868 - aiconfigurator.sdk.perf_database - WARNING - Context mla data file /Users/bytedance/Projects/aiconfigurator/src/aiconfigurator/systems/data/gb200_nvl72/trtllm/0.20.0/context_mla_perf.txt not found.
2025-08-29 18:11:19,868 - aiconfigurator.sdk.perf_database - WARNING - Generation mla data file /Users/bytedance/Projects/aiconfigurator/src/aiconfigurator/systems/data/gb200_nvl72/trtllm/0.20.0/generation_mla_perf.txt not found.
2025-08-29 18:11:19,868 - aiconfigurator.sdk.perf_database - WARNING - NCCL data file /Users/bytedance/Projects/aiconfigurator/src/aiconfigurator/systems/data/gb200_nvl72/nccl/2.23/nccl_perf.txt not found.
2025-08-29 18:11:19,868 - aiconfigurator.sdk.perf_database - WARNING - MLA BMM data file /Users/bytedance/Projects/aiconfigurator/src/aiconfigurator/systems/data/gb200_nvl72/trtllm/0.20.0/mla_bmm_perf.txt not found.
2025-08-29 18:11:19,868 - __main__ - WARNING - Using SOL mode for gb200_nvl72/trtllm/0.20.0
2025-08-29 18:11:19,870 - aiconfigurator.sdk.perf_database - WARNING - GEMM data file /Users/bytedance/Projects/aiconfigurator/src/aiconfigurator/systems/data/gb200_nvl72/trtllm/0.20.0/gemm_perf.txt not found.
2025-08-29 18:11:19,870 - aiconfigurator.sdk.perf_database - WARNING - Context attention data file /Users/bytedance/Projects/aiconfigurator/src/aiconfigurator/systems/data/gb200_nvl72/trtllm/0.20.0/context_attention_perf.txt not found.
2025-08-29 18:11:19,870 - aiconfigurator.sdk.perf_database - WARNING - Generation attention data file /Users/bytedance/Projects/aiconfigurator/src/aiconfigurator/systems/data/gb200_nvl72/trtllm/0.20.0/generation_attention_perf.txt not found.
2025-08-29 18:11:19,870 - aiconfigurator.sdk.perf_database - WARNING - Custom allreduce data file /Users/bytedance/Projects/aiconfigurator/src/aiconfigurator/systems/data/gb200_nvl72/trtllm/0.20.0/custom_allreduce_perf.txt not found.
2025-08-29 18:11:19,870 - aiconfigurator.sdk.perf_database - WARNING - MOE data file /Users/bytedance/Projects/aiconfigurator/src/aiconfigurator/systems/data/gb200_nvl72/trtllm/0.20.0/moe_perf.txt not found.
2025-08-29 18:11:19,870 - aiconfigurator.sdk.perf_database - WARNING - Context mla data file /Users/bytedance/Projects/aiconfigurator/src/aiconfigurator/systems/data/gb200_nvl72/trtllm/0.20.0/context_mla_perf.txt not found.
2025-08-29 18:11:19,870 - aiconfigurator.sdk.perf_database - WARNING - Generation mla data file /Users/bytedance/Projects/aiconfigurator/src/aiconfigurator/systems/data/gb200_nvl72/trtllm/0.20.0/generation_mla_perf.txt not found.
2025-08-29 18:11:19,870 - aiconfigurator.sdk.perf_database - WARNING - NCCL data file /Users/bytedance/Projects/aiconfigurator/src/aiconfigurator/systems/data/gb200_nvl72/nccl/2.23/nccl_perf.txt not found.
2025-08-29 18:11:19,870 - aiconfigurator.sdk.perf_database - WARNING - MLA BMM data file /Users/bytedance/Projects/aiconfigurator/src/aiconfigurator/systems/data/gb200_nvl72/trtllm/0.20.0/mla_bmm_perf.txt not found.
2025-08-29 18:11:19,870 - __main__ - INFO - Evaluating prefill component...
2025-08-29 18:11:19,871 - __main__ - INFO - Evaluating decode component...

================================================================================
WORKLOAD EVALUATION RESULTS
================================================================================

Disaggregated Configuration:
  Model: DEEPSEEK_V3
  System: gb200_nvl72
  Total GPUs: 64
  Prefill: 12 workers, BS=1
  Decode: 1 workers, BS=344
  Bottleneck: decode

Key Performance Metrics:
  Tokens/s/GPU: 1788.77
  Tokens/s/user: 20.78
  Total Tokens/s: 114481.15
  TTFT (ms): 98.62
  TPOT (ms): 48.12
  Sequences/s: 111.80
  Concurrency: 5504

------------------------------------------------------------
MEMORY CONSUMPTION
------------------------------------------------------------

Prefill Worker Memory:
  total                         :    173.417 GB
  weights                       :    166.419 GB
  activations                   :      5.742 GB
  kvcache                       :      0.335 GB
  nccl                          :      0.383 GB
  others                        :      0.538 GB

Decode Worker Memory:
  total                         :    185.434 GB
  weights                       :     56.823 GB
  activations                   :      1.277 GB
  kvcache                       :    126.795 GB
  nccl                          :      0.000 GB
  others                        :      0.538 GB

Total System Memory:
  Total GPU Memory Used: 2266.44 GB

------------------------------------------------------------
OPERATION BREAKDOWN & UTILIZATION
------------------------------------------------------------

  Prefill Operations Breakdown:
  Operation                     Calls SOL Time/L(us) Total Time(us)   %Time    FLOPs/L  Mem(MB)/L Achieved TFLOPS Achieved GB/s Shape                                   
  ------------------------------------------------------------------------------------------------------------------------------------------------------------------------------------
  context_moe                      61          588.3        35883.3   36.4%   1803.89G    4706.01         3066.52        8000.0 E256xK8x(10240,7168,2048)               
  context_moe_pre_dispatch         61          244.7        14924.7   15.1%        N/A        N/A             N/A           N/A Dispatch(10240 tokens, E256)            
  context_moe_post_dispatch        61          244.7        14924.7   15.1%        N/A        N/A             N/A           N/A Dispatch(10240 tokens, E256)            
  context_attention                61          214.7        13099.7   13.3%   1073.74G     419.43         5000.00        1953.1 B1xS10240xH128                          
  context_proj_gemm                61          120.3         7335.8    7.4%    601.30G     144.70         5000.00        1203.3 (10240,4096)x(4096,7168)                
  context_downscale_gemm           61           62.0         3782.5    3.8%    310.04G     110.17         5000.00        1776.6 (10240,7168)x(7168,2112)                
  context_q_b_proj_gemm            61           38.7         2357.9    2.4%    193.27G      88.08         5000.00        2278.6 (10240,1536)x(1536,6144)                
  context_router_gemm              61           19.5         1187.3    1.2%     37.58G     155.71         1930.77        8000.0 (10240,7168)x(7168,256)                 
  context_kv_b_proj_gemm           61           17.2         1048.0    1.1%     85.90G      93.32         5000.00        5432.1 (10240,512)x(512,8192)                  
  context_shared_gate_gemm         61           15.0          917.0    0.9%     75.16G      82.31         5000.00        5475.7 (10240,7168)x(7168,512)                 
  context_shared_ffn1_gemm         61           15.0          917.0    0.9%     75.16G      82.31         5000.00        5475.7 (10240,7168)x(7168,512)                 
  context_shared_ffn2_gemm         61           15.0          917.0    0.9%     75.16G      82.31         5000.00        5475.7 (10240,512)x(512,7168)                  
  context_shared_act_gate          61            3.9          239.9    0.2%        N/A        N/A             N/A           N/A (10240,...)                             
  context_logits_gemm               1           57.9           57.9    0.1%      0.46G     463.42            8.00        8000.0 (1,7168)x(7168,32320)                   
  context_add_norm_1               61            0.6           36.7    0.0%      0.01G       4.81           10.00        8000.0 (10240,7168)                            
  context_add_norm_2               61            0.6           36.7    0.0%      0.01G       4.81           10.00        8000.0 (10240,7168)                            
  context_embedding                 1           18.4           18.4    0.0%        N/A        N/A             N/A           N/A (10240,...)                             
  [System Overhead]               N/A            N/A          938.5    1.0%        N/A        N/A             N/A           N/A N/A                                     
  ------------------------------------------------------------------------------------------------------------------------------------------------------------------------------------
  Operations Total                                          97684.5   99.0%  264204.8G   364876.9         2704.68        3735.3                                         
  TOTAL (TTFT/TPOT)                                         98623.0  100.0%                                                                                             

  Decode Operations Breakdown:
  Operation                     Calls SOL Time/L(us) Total Time(us)   %Time    FLOPs/L  Mem(MB)/L Achieved TFLOPS Achieved GB/s Shape                                   
  ------------------------------------------------------------------------------------------------------------------------------------------------------------------------------------
  generation_attention             61          515.0        31412.0   65.3%   1030.19G    4119.61         2000.55        8000.0 B344xS10752xH128                        
  generation_moe                   61          210.7        12850.6   26.7%     30.30G    1685.32          143.83        8000.0 E256xK8x(344,7168,2048)                 
  generation_moe_pre_dispatch      61           16.5         1006.6    2.1%        N/A        N/A             N/A           N/A Dispatch(344 tokens, E256)              
  generation_proj_gemm             61            7.1          431.3    0.9%     35.35G      56.31         5000.00        7965.0 (344,7168)x(7168,7168)                  
  generation_q_b_proj_gemm         61            5.8          356.3    0.7%     25.97G      46.73         4446.04        8000.0 (344,1536)x(1536,24576)                 
  generation_moe_post_dispatch     61            5.8          352.5    0.7%        N/A        N/A             N/A           N/A Dispatch(344 tokens, E256)              
  generation_bmm_pre               61            4.6          278.8    0.6%        N/A        N/A             N/A           N/A (344,...)                               
  generation_bmm_post              61            4.6          278.8    0.6%        N/A        N/A             N/A           N/A (344,...)                               
  generation_logits_gemm            1          255.0          255.0    0.5%    637.56G    1947.23         2500.00        7635.6 (344,7168)x(7168,129280)                
  generation_downscale_gemm        61            2.3          139.8    0.3%     10.42G      18.33         4545.49        8000.0 (344,7168)x(7168,2112)                  
  generation_shared_gate_gemm      61            2.2          136.1    0.3%     10.10G      17.85         4526.47        8000.0 (344,7168)x(7168,2048)                  
  generation_shared_ffn1_gemm      61            2.2          136.1    0.3%     10.10G      17.85         4526.47        8000.0 (344,7168)x(7168,2048)                  
  generation_shared_ffn2_gemm      61            2.2          136.1    0.3%     10.10G      17.85         4526.47        8000.0 (344,2048)x(2048,7168)                  
  generation_router_gemm           61            1.1           66.9    0.1%      1.26G       8.78         1150.63        8000.0 (344,7168)x(7168,256)                   
  generation_shared_act_gate       61            0.5           32.2    0.1%        N/A        N/A             N/A           N/A (344,...)                               
  generation_add_norm_1            61            0.0            1.2    0.0%      0.00G       0.16           10.00        8000.0 (344,7168)                              
  generation_add_norm_2            61            0.0            1.2    0.0%      0.00G       0.16           10.00        8000.0 (344,7168)                              
  [System Overhead]               N/A            N/A          252.6    0.5%        N/A        N/A             N/A           N/A N/A                                     
  ------------------------------------------------------------------------------------------------------------------------------------------------------------------------------------
  Operations Total                                          47872.4   99.5%   71628.5G   367273.9         1496.24        7671.9                                         
  TOTAL (TTFT/TPOT)                                         48125.0  100.0%                                                                                             

Full Summary DataFrame:
      model   isl  osl  concurrency  request_rate  p_bs  p_workers  d_bs  d_workers   ttft   tpot   seq/s  seq/s/gpu   tokens/s  tokens/s/gpu  tokens/s/user  num_total_gpus  p_seq/s/worker  d_seq/s/worker bottleneck      system backend version
DEEPSEEK_V3 10240 1024       5504.0       111.798     1         12   344          1 98.623 48.125 111.798   1.746844 114481.152      1788.768      20.779221              64           10.14         111.798     decode gb200_nvl72  trtllm  0.20.0
================================================================================
