2025-08-29 23:55:13,196 - aiconfigurator.sdk.perf_database - INFO - loading system='gb200_nvl72', backend='trtllm', version='0.20.0'
2025-08-29 23:55:13,201 - aiconfigurator.sdk.perf_database - WARNING - GEMM data file /Users/bytedance/Projects/aiconfigurator/src/aiconfigurator/systems/data/gb200_nvl72/trtllm/0.20.0/gemm_perf.txt not found.
2025-08-29 23:55:13,201 - aiconfigurator.sdk.perf_database - WARNING - Context attention data file /Users/bytedance/Projects/aiconfigurator/src/aiconfigurator/systems/data/gb200_nvl72/trtllm/0.20.0/context_attention_perf.txt not found.
2025-08-29 23:55:13,201 - aiconfigurator.sdk.perf_database - WARNING - Generation attention data file /Users/bytedance/Projects/aiconfigurator/src/aiconfigurator/systems/data/gb200_nvl72/trtllm/0.20.0/generation_attention_perf.txt not found.
2025-08-29 23:55:13,201 - aiconfigurator.sdk.perf_database - WARNING - Custom allreduce data file /Users/bytedance/Projects/aiconfigurator/src/aiconfigurator/systems/data/gb200_nvl72/trtllm/0.20.0/custom_allreduce_perf.txt not found.
2025-08-29 23:55:13,201 - aiconfigurator.sdk.perf_database - WARNING - MOE data file /Users/bytedance/Projects/aiconfigurator/src/aiconfigurator/systems/data/gb200_nvl72/trtllm/0.20.0/moe_perf.txt not found.
2025-08-29 23:55:13,201 - aiconfigurator.sdk.perf_database - WARNING - Context mla data file /Users/bytedance/Projects/aiconfigurator/src/aiconfigurator/systems/data/gb200_nvl72/trtllm/0.20.0/context_mla_perf.txt not found.
2025-08-29 23:55:13,201 - aiconfigurator.sdk.perf_database - WARNING - Generation mla data file /Users/bytedance/Projects/aiconfigurator/src/aiconfigurator/systems/data/gb200_nvl72/trtllm/0.20.0/generation_mla_perf.txt not found.
2025-08-29 23:55:13,201 - aiconfigurator.sdk.perf_database - WARNING - NCCL data file /Users/bytedance/Projects/aiconfigurator/src/aiconfigurator/systems/data/gb200_nvl72/nccl/2.23/nccl_perf.txt not found.
2025-08-29 23:55:13,201 - aiconfigurator.sdk.perf_database - WARNING - MLA BMM data file /Users/bytedance/Projects/aiconfigurator/src/aiconfigurator/systems/data/gb200_nvl72/trtllm/0.20.0/mla_bmm_perf.txt not found.

================================================================================
IFB (IN-FLIGHT BATCHING) ANALYSIS
================================================================================

Configuration:
  Batch Size: 128
  Input Sequence Length: 10240
  Output Sequence Length: 1024
  Context Chunk Size (ctx_tokens): 51200
  Parallelism: tp1pp1dp8etp2ep4

IFB Mode: Mix + Gen-only
  Balance Score: 0.03
  Steps to Finish Context: 26

Step Execution Plan:
  Mix Steps: 26 steps
    - Context tokens per step: 51200
    - Generation tokens per step: 123
    - Latency per step: 472.47ms
  Generation-only Steps: 998 steps
    - Generation tokens per step: 128
    - Latency per step: 25.98ms

Performance Metrics:
  TTFT: 472.47ms
  TPOT: 36.03ms
  Tokens/s/GPU: 3427.02
  Tokens/s/user: 27.75
  Total Tokens/s: 27416.17

Memory Consumption:
  Per-GPU Memory:
    total               :    105.860 GB
    weights             :     96.855 GB
    activations         :      2.570 GB
    kvcache             :      5.897 GB
    nccl                :      0.000 GB
    others              :      0.538 GB
  OOM Status: No

Mix Step Operator Breakdown:
  Operation                       Latency(ms)    %Time
  --------------------------------------------------
  context_moe                          87.686    18.6%
  context_proj_gemm                    73.534    15.6%
  context_moe_pre_dispatch             55.836    11.8%
  context_moe_post_dispatch            49.089    10.4%
  context_add_norm_1                   28.234     6.0%
  context_add_norm_2                   28.234     6.0%
  context_q_b_proj_gemm                23.636     5.0%
  context_kv_b_proj_gemm               13.152     2.8%
  context_downscale_gemm                9.479     2.0%
  context_shared_gate_gemm              9.192     1.9%
  context_shared_ffn1_gemm              9.192     1.9%
  context_shared_ffn2_gemm              9.192     1.9%
  context_shared_act_gate               6.194     1.3%
  context_router_gemm                   5.839     1.2%
  context_logits_gemm                   0.232     0.0%
  context_embedding                     0.118     0.0%
  context_p2p                           0.000     0.0%
  context_attention                    52.399    11.1%
  generation_attention                 11.233     2.4%
  --------------------------------------------------
  Total                               472.469   100.0%

Generation-only Step Operator Breakdown:
  Operation                       Latency(ms)    %Time
  --------------------------------------------------
  generation_attention                 11.689    45.0%
  generation_moe                       10.938    42.1%
  generation_moe_pre_dispatch           0.748     2.9%
  generation_proj_gemm                  0.406     1.6%
  generation_q_b_proj_gemm              0.313     1.2%
  generation_add_norm_1                 0.253     1.0%
  generation_add_norm_2                 0.253     1.0%
  generation_logits_gemm                0.236     0.9%
  generation_shared_act_gate            0.198     0.8%
  generation_bmm_pre                    0.144     0.6%
  generation_bmm_post                   0.144     0.6%
  generation_downscale_gemm             0.124     0.5%
  generation_moe_post_dispatch          0.122     0.5%
  generation_shared_gate_gemm           0.121     0.5%
  generation_shared_ffn1_gemm           0.121     0.5%
  generation_shared_ffn2_gemm           0.121     0.5%
  generation_router_gemm                0.042     0.2%
  generation_embedding                  0.003     0.0%
  generation_p2p                        0.000     0.0%
  --------------------------------------------------
  Total                                25.977   100.0%

TTFT Calculation:
  TTFT = mix_step_latency × ceil(isl / ctx_tokens)
       = 472.47ms × ceil(10240 / 51200)
       = 472.47ms × 1
       = 472.47ms

TPOT Calculation:
  TPOT = (mix_steps × mix_latency + gen_steps × gen_latency) / total_steps
       = (26 × 472.47 + 998 × 25.98) / 1024
       = 36.03ms

================================================================================
